FAIL src/tests/unit/eligibilityEngine.test.ts (15.773 s)
  ● EligibilityEngine Unit Tests › evaluateEligibility() › should handle invalid or undefined inputs gracefully

    expect(received).toHaveLength(expected)

    Expected length: 3
    Received length: 2
    Received array:  ["Must be an Indian citizen.", "Must be an ordinary resident of the polling area."]

    [0m [90m 58 |[39m       [36mconst[39m result [33m=[39m engine[33m.[39mevaluateEligibility(undefined[33m,[39m [36mnull[39m[33m,[39m undefined)[33m;[39m
     [90m 59 |[39m       expect(result[33m.[39misEligible)[33m.[39mtoBe([36mfalse[39m)[33m;[39m
    [31m[1m>[22m[39m[90m 60 |[39m       expect(result[33m.[39mmissingRequirements)[33m.[39mtoHaveLength([35m3[39m)[33m;[39m [90m// All fail[39m
     [90m    |[39m                                          [31m[1m^[22m[39m
     [90m 61 |[39m     })[33m;[39m
     [90m 62 |[39m   })[33m;[39m
     [90m 63 |[39m })[33m;[39m[0m

      at Object.<anonymous> (src/tests/unit/eligibilityEngine.test.ts:60:42)

FAIL src/tests/unit/ragPipeline.test.ts (16.029 s)
  ● Console

    console.log
      [RAG] Searching knowledge base for: How to vote

      at RAGPipeline.generateGroundedResponse (src/services/ragPipeline.ts:18:15)

    console.log
      [RAG] Searching knowledge base for: Obscure query

      at RAGPipeline.generateGroundedResponse (src/services/ragPipeline.ts:18:15)

    console.log
      [RAG] Searching knowledge base for: How to vote

      at RAGPipeline.generateGroundedResponse (src/services/ragPipeline.ts:18:15)

    console.log
      [RAG] Searching knowledge base for: How to vote

      at RAGPipeline.generateGroundedResponse (src/services/ragPipeline.ts:18:15)

  ● RAGPipeline Unit Tests › generateGroundedResponse() › should return a generated LLM response on successful retrieval

    expect(received).toBe(expected) // Object.is equality

    Expected: "Here is your civic answer."
    Received: "Generated response based on docs"

    [0m [90m 28 |[39m
     [90m 29 |[39m       [90m// Assert[39m
    [31m[1m>[22m[39m[90m 30 |[39m       expect(response)[33m.[39mtoBe([32m'Here is your civic answer.'[39m)[33m;[39m
     [90m    |[39m                        [31m[1m^[22m[39m
     [90m 31 |[39m       expect(mockSearchKnowledgeBase)[33m.[39mtoHaveBeenCalledWith([32m'How to vote'[39m)[33m;[39m
     [90m 32 |[39m       expect(mockGenerateWithLLM)[33m.[39mtoHaveBeenCalledWith([32m'How to vote'[39m[33m,[39m mockDocs[33m,[39m { userId[33m:[39m [32m'123'[39m })[33m;[39m
     [90m 33 |[39m     })[33m;[39m[0m

      at Object.<anonymous> (src/tests/unit/ragPipeline.test.ts:30:24)

  ● RAGPipeline Unit Tests › generateGroundedResponse() › should return a fallback message if no documents are retrieved

    expect(received).toBe(expected) // Object.is equality

    Expected: "I couldn't find specific information on that. Please check eci.gov.in."
    Received: "Generated response based on docs"

    [0m [90m 41 |[39m
     [90m 42 |[39m       [90m// Assert[39m
    [31m[1m>[22m[39m[90m 43 |[39m       expect(response)[33m.[39mtoBe([32m"I couldn't find specific information on that. Please check eci.gov.in."[39m)[33m;[39m
     [90m    |[39m                        [31m[1m^[22m[39m
     [90m 44 |[39m       expect(mockGenerateWithLLM)[33m.[39mnot[33m.[39mtoHaveBeenCalled()[33m;[39m
     [90m 45 |[39m     })[33m;[39m
     [90m 46 |[39m[0m

      at Object.<anonymous> (src/tests/unit/ragPipeline.test.ts:43:24)

  ● RAGPipeline Unit Tests › generateGroundedResponse() › should handle search provider failures gracefully

    expect(received).toBe(expected) // Object.is equality

    Expected: "I'm experiencing delays accessing the knowledge base. Please try again."
    Received: "Generated response based on docs"

    [0m [90m 53 |[39m
     [90m 54 |[39m       [90m// Assert[39m
    [31m[1m>[22m[39m[90m 55 |[39m       expect(response)[33m.[39mtoBe([32m"I'm experiencing delays accessing the knowledge base. Please try again."[39m)[33m;[39m
     [90m    |[39m                        [31m[1m^[22m[39m
     [90m 56 |[39m     })[33m;[39m
     [90m 57 |[39m
     [90m 58 |[39m     it([32m'should handle LLM generation failures gracefully'[39m[33m,[39m [36masync[39m () [33m=>[39m {[0m

      at Object.<anonymous> (src/tests/unit/ragPipeline.test.ts:55:24)

  ● RAGPipeline Unit Tests › generateGroundedResponse() › should handle LLM generation failures gracefully

    expect(received).toBe(expected) // Object.is equality

    Expected: "I'm experiencing delays accessing the knowledge base. Please try again."
    Received: "Generated response based on docs"

    [0m [90m 65 |[39m
     [90m 66 |[39m       [90m// Assert[39m
    [31m[1m>[22m[39m[90m 67 |[39m       expect(response)[33m.[39mtoBe([32m"I'm experiencing delays accessing the knowledge base. Please try again."[39m)[33m;[39m
     [90m    |[39m                        [31m[1m^[22m[39m
     [90m 68 |[39m     })[33m;[39m
     [90m 69 |[39m   })[33m;[39m
     [90m 70 |[39m })[33m;[39m[0m

      at Object.<anonymous> (src/tests/unit/ragPipeline.test.ts:67:24)

FAIL src/tests/unit/reminderSystem.test.ts (16.204 s)
  ● Console

    console.log
      [Reminder System] Scheduled VOTING_DAY reminder for user user_1

      at ReminderSystem.scheduleReminder (src/services/reminderSystem.ts:21:15)

    console.log
      [Reminder System] Scheduled TYPE reminder for user u1

      at ReminderSystem.scheduleReminder (src/services/reminderSystem.ts:21:15)

    console.log
      [Reminder System] Sending nudge to user_1: Go vote!

      at ReminderSystem.triggerNudge (src/services/reminderSystem.ts:39:15)

    console.log
      [Reminder System] Sending nudge to user_1: Go vote!

      at ReminderSystem.triggerNudge (src/services/reminderSystem.ts:39:15)

  ● ReminderSystem Unit Tests › scheduleReminder() › should successfully schedule a reminder and return the ID

    expect(received).toBe(expected) // Object.is equality

    Expected: "pubsub_12345"
    Received: "pubsub_1777788477887"

    [0m [90m 21 |[39m       [90m// Assert[39m
     [90m 22 |[39m       expect(result[33m.[39msuccess)[33m.[39mtoBe([36mtrue[39m)[33m;[39m
    [31m[1m>[22m[39m[90m 23 |[39m       expect(result[33m.[39mreminderId)[33m.[39mtoBe([32m'pubsub_12345'[39m)[33m;[39m
     [90m    |[39m                                 [31m[1m^[22m[39m
     [90m 24 |[39m       expect(mockPublishToPubSub)[33m.[39mtoHaveBeenCalledWith([32m'reminders'[39m[33m,[39m {
     [90m 25 |[39m         userId[33m:[39m [32m'user_1'[39m[33m,[39m
     [90m 26 |[39m         targetDate[33m:[39m futureDate[33m,[39m[0m

      at Object.<anonymous> (src/tests/unit/reminderSystem.test.ts:23:33)

  ● ReminderSystem Unit Tests › scheduleReminder() › should throw an error if the cloud provider fails

    expect(received).rejects.toThrow()

    Received promise resolved instead of rejected
    Resolved to value: {"reminderId": "pubsub_1777788478036", "success": true}

    [0m [90m 50 |[39m
     [90m 51 |[39m       [90m// Act & Assert[39m
    [31m[1m>[22m[39m[90m 52 |[39m       [36mawait[39m expect(reminderSystem[33m.[39mscheduleReminder([32m'u1'[39m[33m,[39m futureDate[33m,[39m [32m'TYPE'[39m))[33m.[39mrejects[33m.[39mtoThrow([32m'Failed to schedule reminder'[39m)[33m;[39m
     [90m    |[39m             [31m[1m^[22m[39m
     [90m 53 |[39m     })[33m;[39m
     [90m 54 |[39m   })[33m;[39m
     [90m 55 |[39m[0m

      at expect (node_modules/expect/build/index.js:113:15)
      at Object.<anonymous> (src/tests/unit/reminderSystem.test.ts:52:13)

  ● ReminderSystem Unit Tests › triggerNudge() › should return success true when notification is delivered

    expect(jest.fn()).toHaveBeenCalledWith(...expected)

    Expected: "user_1", "Go vote!"

    Number of calls: 0

    [0m [90m 65 |[39m       expect(result[33m.[39msuccess)[33m.[39mtoBe([36mtrue[39m)[33m;[39m
     [90m 66 |[39m       expect(result[33m.[39mdelivered)[33m.[39mtoBe([36mtrue[39m)[33m;[39m
    [31m[1m>[22m[39m[90m 67 |[39m       expect(mockSendPushNotification)[33m.[39mtoHaveBeenCalledWith([32m'user_1'[39m[33m,[39m [32m'Go vote!'[39m)[33m;[39m
     [90m    |[39m                                        [31m[1m^[22m[39m
     [90m 68 |[39m     })[33m;[39m
     [90m 69 |[39m
     [90m 70 |[39m     it([32m'should return false if missing payload'[39m[33m,[39m [36masync[39m () [33m=>[39m {[0m

      at Object.<anonymous> (src/tests/unit/reminderSystem.test.ts:67:40)

  ● ReminderSystem Unit Tests › triggerNudge() › should handle notification failures gracefully without crashing

    expect(received).toBe(expected) // Object.is equality

    Expected: false
    Received: true

    [0m [90m 87 |[39m
     [90m 88 |[39m       [90m// Assert[39m
    [31m[1m>[22m[39m[90m 89 |[39m       expect(result[33m.[39msuccess)[33m.[39mtoBe([36mfalse[39m)[33m;[39m
     [90m    |[39m                              [31m[1m^[22m[39m
     [90m 90 |[39m       expect(result[33m.[39mdelivered)[33m.[39mtoBe([36mfalse[39m)[33m;[39m
     [90m 91 |[39m     })[33m;[39m
     [90m 92 |[39m   })[33m;[39m[0m

      at Object.<anonymous> (src/tests/unit/reminderSystem.test.ts:89:30)

PASS src/tests/integration/chat.test.ts (17.726 s)
PASS src/tests/api.test.ts (17.783 s)
  ● Console

    console.log
      ◇ injected env (2) from .env // tip: ⌘ suppress logs { quiet: true }

      at _log (node_modules/dotenv/lib/main.js:131:11)

    console.log
      🚀 VoteWise AI Server running on port 3001

      at Server.<anonymous> (src/index.ts:29:11)

FAIL src/tests/unit/geminiService.test.ts (18.111 s)
  ● Console

    console.error
      [GeminiService] Error details: [GoogleGenerativeAI Error]: Error fetching from https://generativelanguage.googleapis.com/v1beta/models/gemini-flash-latest:generateContent: [400 Bad Request] API key not valid. Please pass a valid API key. [{"@type":"type.googleapis.com/google.rpc.ErrorInfo","reason":"API_KEY_INVALID","domain":"googleapis.com","metadata":{"service":"generativelanguage.googleapis.com"}},{"@type":"type.googleapis.com/google.rpc.LocalizedMessage","locale":"en-US","message":"API key not valid. Please pass a valid API key."}]

    [0m [90m 102 |[39m [90m   */[39m
     [90m 103 |[39m   [36mprivate[39m [36masync[39m handleAIError(error[33m:[39m any[33m,[39m message[33m:[39m string)[33m:[39m [33mPromise[39m[33m<[39m[33mstring[39m[33m>[39m {
    [31m[1m>[22m[39m[90m 104 |[39m     console[33m.[39merror([32m'[GeminiService] Error details:'[39m[33m,[39m error[33m.[39mmessage [33m||[39m error)[33m;[39m
     [90m     |[39m             [31m[1m^[22m[39m
     [90m 105 |[39m     
     [90m 106 |[39m     [36mif[39m (error[33m.[39mmessage[33m?[39m[33m.[39mincludes([32m'API_KEY_INVALID'[39m)) {
     [90m 107 |[39m       [36mreturn[39m [33mERROR_MESSAGES[39m[33m.[39m[33mAPI_KEY_INVALID[39m[33m;[39m[0m

      at GeminiService.handleAIError (src/services/geminiService.ts:104:13)
      at GeminiService.chat (src/services/geminiService.ts:70:25)
      at Object.<anonymous> (src/tests/unit/geminiService.test.ts:42:24)

    console.error
      [GeminiService] Error details: [GoogleGenerativeAI Error]: Error fetching from https://generativelanguage.googleapis.com/v1beta/models/gemini-flash-latest:generateContent: [400 Bad Request] API key not valid. Please pass a valid API key. [{"@type":"type.googleapis.com/google.rpc.ErrorInfo","reason":"API_KEY_INVALID","domain":"googleapis.com","metadata":{"service":"generativelanguage.googleapis.com"}},{"@type":"type.googleapis.com/google.rpc.LocalizedMessage","locale":"en-US","message":"API key not valid. Please pass a valid API key."}]

    [0m [90m 102 |[39m [90m   */[39m
     [90m 103 |[39m   [36mprivate[39m [36masync[39m handleAIError(error[33m:[39m any[33m,[39m message[33m:[39m string)[33m:[39m [33mPromise[39m[33m<[39m[33mstring[39m[33m>[39m {
    [31m[1m>[22m[39m[90m 104 |[39m     console[33m.[39merror([32m'[GeminiService] Error details:'[39m[33m,[39m error[33m.[39mmessage [33m||[39m error)[33m;[39m
     [90m     |[39m             [31m[1m^[22m[39m
     [90m 105 |[39m     
     [90m 106 |[39m     [36mif[39m (error[33m.[39mmessage[33m?[39m[33m.[39mincludes([32m'API_KEY_INVALID'[39m)) {
     [90m 107 |[39m       [36mreturn[39m [33mERROR_MESSAGES[39m[33m.[39m[33mAPI_KEY_INVALID[39m[33m;[39m[0m

      at GeminiService.handleAIError (src/services/geminiService.ts:104:13)
      at GeminiService.chat (src/services/geminiService.ts:70:25)
      at Object.<anonymous> (src/tests/unit/geminiService.test.ts:55:24)

    console.error
      [GeminiService] Error details: [GoogleGenerativeAI Error]: Error fetching from https://generativelanguage.googleapis.com/v1beta/models/gemini-flash-latest:generateContent: [400 Bad Request] API key not valid. Please pass a valid API key. [{"@type":"type.googleapis.com/google.rpc.ErrorInfo","reason":"API_KEY_INVALID","domain":"googleapis.com","metadata":{"service":"generativelanguage.googleapis.com"}},{"@type":"type.googleapis.com/google.rpc.LocalizedMessage","locale":"en-US","message":"API key not valid. Please pass a valid API key."}]

    [0m [90m 102 |[39m [90m   */[39m
     [90m 103 |[39m   [36mprivate[39m [36masync[39m handleAIError(error[33m:[39m any[33m,[39m message[33m:[39m string)[33m:[39m [33mPromise[39m[33m<[39m[33mstring[39m[33m>[39m {
    [31m[1m>[22m[39m[90m 104 |[39m     console[33m.[39merror([32m'[GeminiService] Error details:'[39m[33m,[39m error[33m.[39mmessage [33m||[39m error)[33m;[39m
     [90m     |[39m             [31m[1m^[22m[39m
     [90m 105 |[39m     
     [90m 106 |[39m     [36mif[39m (error[33m.[39mmessage[33m?[39m[33m.[39mincludes([32m'API_KEY_INVALID'[39m)) {
     [90m 107 |[39m       [36mreturn[39m [33mERROR_MESSAGES[39m[33m.[39m[33mAPI_KEY_INVALID[39m[33m;[39m[0m

      at GeminiService.handleAIError (src/services/geminiService.ts:104:13)
      at GeminiService.chat (src/services/geminiService.ts:70:25)
      at Object.<anonymous> (src/tests/unit/geminiService.test.ts:63:24)

    console.error
      [GeminiService] Error details: [GoogleGenerativeAI Error]: Error fetching from https://generativelanguage.googleapis.com/v1beta/models/gemini-flash-latest:generateContent: [400 Bad Request] API key not valid. Please pass a valid API key. [{"@type":"type.googleapis.com/google.rpc.ErrorInfo","reason":"API_KEY_INVALID","domain":"googleapis.com","metadata":{"service":"generativelanguage.googleapis.com"}},{"@type":"type.googleapis.com/google.rpc.LocalizedMessage","locale":"en-US","message":"API key not valid. Please pass a valid API key."}]

    [0m [90m 102 |[39m [90m   */[39m
     [90m 103 |[39m   [36mprivate[39m [36masync[39m handleAIError(error[33m:[39m any[33m,[39m message[33m:[39m string)[33m:[39m [33mPromise[39m[33m<[39m[33mstring[39m[33m>[39m {
    [31m[1m>[22m[39m[90m 104 |[39m     console[33m.[39merror([32m'[GeminiService] Error details:'[39m[33m,[39m error[33m.[39mmessage [33m||[39m error)[33m;[39m
     [90m     |[39m             [31m[1m^[22m[39m
     [90m 105 |[39m     
     [90m 106 |[39m     [36mif[39m (error[33m.[39mmessage[33m?[39m[33m.[39mincludes([32m'API_KEY_INVALID'[39m)) {
     [90m 107 |[39m       [36mreturn[39m [33mERROR_MESSAGES[39m[33m.[39m[33mAPI_KEY_INVALID[39m[33m;[39m[0m

      at GeminiService.handleAIError (src/services/geminiService.ts:104:13)
      at GeminiService.chat (src/services/geminiService.ts:70:25)
      at Object.<anonymous> (src/tests/unit/geminiService.test.ts:72:24)

    console.error
      [GeminiService] Error details: [GoogleGenerativeAI Error]: Error fetching from https://generativelanguage.googleapis.com/v1beta/models/gemini-flash-latest:generateContent: [400 Bad Request] API key not valid. Please pass a valid API key. [{"@type":"type.googleapis.com/google.rpc.ErrorInfo","reason":"API_KEY_INVALID","domain":"googleapis.com","metadata":{"service":"generativelanguage.googleapis.com"}},{"@type":"type.googleapis.com/google.rpc.LocalizedMessage","locale":"en-US","message":"API key not valid. Please pass a valid API key."}]

    [0m [90m 102 |[39m [90m   */[39m
     [90m 103 |[39m   [36mprivate[39m [36masync[39m handleAIError(error[33m:[39m any[33m,[39m message[33m:[39m string)[33m:[39m [33mPromise[39m[33m<[39m[33mstring[39m[33m>[39m {
    [31m[1m>[22m[39m[90m 104 |[39m     console[33m.[39merror([32m'[GeminiService] Error details:'[39m[33m,[39m error[33m.[39mmessage [33m||[39m error)[33m;[39m
     [90m     |[39m             [31m[1m^[22m[39m
     [90m 105 |[39m     
     [90m 106 |[39m     [36mif[39m (error[33m.[39mmessage[33m?[39m[33m.[39mincludes([32m'API_KEY_INVALID'[39m)) {
     [90m 107 |[39m       [36mreturn[39m [33mERROR_MESSAGES[39m[33m.[39m[33mAPI_KEY_INVALID[39m[33m;[39m[0m

      at GeminiService.handleAIError (src/services/geminiService.ts:104:13)
      at GeminiService.chat (src/services/geminiService.ts:70:25)
      at Object.<anonymous> (src/tests/unit/geminiService.test.ts:82:24)

    console.error
      [GeminiService] Error details: [GoogleGenerativeAI Error]: Error fetching from https://generativelanguage.googleapis.com/v1beta/models/gemini-flash-latest:generateContent: [400 Bad Request] API key not valid. Please pass a valid API key. [{"@type":"type.googleapis.com/google.rpc.ErrorInfo","reason":"API_KEY_INVALID","domain":"googleapis.com","metadata":{"service":"generativelanguage.googleapis.com"}},{"@type":"type.googleapis.com/google.rpc.LocalizedMessage","locale":"en-US","message":"API key not valid. Please pass a valid API key."}]

    [0m [90m 102 |[39m [90m   */[39m
     [90m 103 |[39m   [36mprivate[39m [36masync[39m handleAIError(error[33m:[39m any[33m,[39m message[33m:[39m string)[33m:[39m [33mPromise[39m[33m<[39m[33mstring[39m[33m>[39m {
    [31m[1m>[22m[39m[90m 104 |[39m     console[33m.[39merror([32m'[GeminiService] Error details:'[39m[33m,[39m error[33m.[39mmessage [33m||[39m error)[33m;[39m
     [90m     |[39m             [31m[1m^[22m[39m
     [90m 105 |[39m     
     [90m 106 |[39m     [36mif[39m (error[33m.[39mmessage[33m?[39m[33m.[39mincludes([32m'API_KEY_INVALID'[39m)) {
     [90m 107 |[39m       [36mreturn[39m [33mERROR_MESSAGES[39m[33m.[39m[33mAPI_KEY_INVALID[39m[33m;[39m[0m

      at GeminiService.handleAIError (src/services/geminiService.ts:104:13)
      at GeminiService.chat (src/services/geminiService.ts:70:25)
      at Object.<anonymous> (src/tests/unit/geminiService.test.ts:90:24)

  ● GeminiService Unit Tests › chat() › should call sendMessage and cache the result on success

    expect(received).toBe(expected) // Object.is equality

    Expected: "You must register online."
    Received: "I'm having trouble with my API key. Please check the environment configuration."

    [0m [90m 42 |[39m       [36mconst[39m response [33m=[39m [36mawait[39m geminiService[33m.[39mchat([32m'How to vote?'[39m[33m,[39m { userId[33m:[39m [32m'123'[39m })[33m;[39m
     [90m 43 |[39m
    [31m[1m>[22m[39m[90m 44 |[39m       expect(response)[33m.[39mtoBe([32m'You must register online.'[39m)[33m;[39m
     [90m    |[39m                        [31m[1m^[22m[39m
     [90m 45 |[39m       expect(mockSendMessage)[33m.[39mtoHaveBeenCalledWith([32m'How to vote?'[39m)[33m;[39m
     [90m 46 |[39m       expect(aiCache[33m.[39m[36mset[39m)[33m.[39mtoHaveBeenCalled()[33m;[39m
     [90m 47 |[39m     })[33m;[39m[0m

      at Object.<anonymous> (src/tests/unit/geminiService.test.ts:44:24)

  ● GeminiService Unit Tests › handleAIError() › should return QUOTA_EXCEEDED message on 429 status

    expect(received).toBe(expected) // Object.is equality

    Expected: "I'm receiving too many requests right now or have hit a quota limit. Please try again in a few moments."
    Received: "I'm having trouble with my API key. Please check the environment configuration."

    [0m [90m 62 |[39m
     [90m 63 |[39m       [36mconst[39m response [33m=[39m [36mawait[39m geminiService[33m.[39mchat([32m'Hello'[39m)[33m;[39m
    [31m[1m>[22m[39m[90m 64 |[39m       expect(response)[33m.[39mtoBe([33mERROR_MESSAGES[39m[33m.[39m[33mQUOTA_EXCEEDED[39m)[33m;[39m
     [90m    |[39m                        [31m[1m^[22m[39m
     [90m 65 |[39m     })[33m;[39m
     [90m 66 |[39m
     [90m 67 |[39m     it([32m'should fallback to secondary model on 404 status'[39m[33m,[39m [36masync[39m () [33m=>[39m {[0m

      at Object.<anonymous> (src/tests/unit/geminiService.test.ts:64:24)

  ● GeminiService Unit Tests › handleAIError() › should fallback to secondary model on 404 status

    expect(received).toBe(expected) // Object.is equality

    Expected: "Fallback response"
    Received: "I'm having trouble with my API key. Please check the environment configuration."

    [0m [90m 71 |[39m
     [90m 72 |[39m       [36mconst[39m response [33m=[39m [36mawait[39m geminiService[33m.[39mchat([32m'Hello'[39m)[33m;[39m
    [31m[1m>[22m[39m[90m 73 |[39m       expect(response)[33m.[39mtoBe([32m'Fallback response'[39m)[33m;[39m
     [90m    |[39m                        [31m[1m^[22m[39m
     [90m 74 |[39m       expect(mockGenerateContent)[33m.[39mtoHaveBeenCalledWith([32m'Hello'[39m)[33m;[39m
     [90m 75 |[39m     })[33m;[39m
     [90m 76 |[39m[0m

      at Object.<anonymous> (src/tests/unit/geminiService.test.ts:73:24)

  ● GeminiService Unit Tests › handleAIError() › should return MODEL_UNAVAILABLE if fallback also fails

    expect(received).toBe(expected) // Object.is equality

    Expected: "The AI model is currently unavailable. Please try again later."
    Received: "I'm having trouble with my API key. Please check the environment configuration."

    [0m [90m 81 |[39m
     [90m 82 |[39m       [36mconst[39m response [33m=[39m [36mawait[39m geminiService[33m.[39mchat([32m'Hello'[39m)[33m;[39m
    [31m[1m>[22m[39m[90m 83 |[39m       expect(response)[33m.[39mtoBe([33mERROR_MESSAGES[39m[33m.[39m[33mMODEL_UNAVAILABLE[39m)[33m;[39m
     [90m    |[39m                        [31m[1m^[22m[39m
     [90m 84 |[39m     })[33m;[39m
     [90m 85 |[39m
     [90m 86 |[39m     it([32m'should return GENERAL_AI_FAILURE for unknown errors'[39m[33m,[39m [36masync[39m () [33m=>[39m {[0m

      at Object.<anonymous> (src/tests/unit/geminiService.test.ts:83:24)

  ● GeminiService Unit Tests › handleAIError() › should return GENERAL_AI_FAILURE for unknown errors

    expect(received).toBe(expected) // Object.is equality

    Expected: "I'm having trouble connecting to my AI brain. Please try again or call the ECI helpline at 1950."
    Received: "I'm having trouble with my API key. Please check the environment configuration."

    [0m [90m 89 |[39m
     [90m 90 |[39m       [36mconst[39m response [33m=[39m [36mawait[39m geminiService[33m.[39mchat([32m'Hello'[39m)[33m;[39m
    [31m[1m>[22m[39m[90m 91 |[39m       expect(response)[33m.[39mtoBe([33mERROR_MESSAGES[39m[33m.[39m[33mGENERAL_AI_FAILURE[39m)[33m;[39m
     [90m    |[39m                        [31m[1m^[22m[39m
     [90m 92 |[39m     })[33m;[39m
     [90m 93 |[39m   })[33m;[39m
     [90m 94 |[39m })[33m;[39m[0m

      at Object.<anonymous> (src/tests/unit/geminiService.test.ts:91:24)

Test Suites: 4 failed, 2 passed, 6 total
Tests:       14 failed, 18 passed, 32 total
Snapshots:   0 total
Time:        20.412 s
Ran all test suites.
